===== ANALYST longcat 2026-09-03 17:21:30 UTC =====
[91m[1mError: [0m{
  "name": "UnknownError",
  "data": {
    "message": "Unexpected server error. Check server logs for details.",
    "ref": "err_bf1804bb"
  }
}
===== ANALYST longcat 2026-09-03 20:03:14 UTC =====
[91m[1mError: [0m{
  "name": "UnknownError",
  "data": {
    "message": "Unexpected server error. Check server logs for details.",
    "ref": "err_2b115e45"
  }
}
===== ANALYST longcat 2026-09-03 22:31:53 UTC =====
[91m[1mError: [0m{
  "name": "UnknownError",
  "data": {
    "message": "Unexpected server error. Check server logs for details.",
    "ref": "err_0f14c92f"
  }
}
===== ANALYST longcat 2026-09-04 00:43:49 UTC =====
[91m[1mError: [0m{
  "name": "UnknownError",
  "data": {
    "message": "Unexpected server error. Check server logs for details.",
    "ref": "err_634e441d"
  }
}
===== ANALYST longcat 2026-09-04 05:17:56 UTC =====
[91m[1mError: [0m{
  "name": "UnknownError",
  "data": {
    "message": "Unexpected server error. Check server logs for details.",
    "ref": "err_af292f89"
  }
}
===== ANALYST longcat 2026-09-04 09:58:02 UTC =====
[91m[1mError: [0m{
  "name": "UnknownError",
  "data": {
    "message": "Unexpected server error. Check server logs for details.",
    "ref": "err_517eb69f"
  }
}
===== ANALYST longcat 2026-09-04 14:20:23 UTC =====
[91m[1mError: [0m{
  "name": "UnknownError",
  "data": {
    "message": "Unexpected server error. Check server logs for details.",
    "ref": "err_e3b4ba87"
  }
}
===== ANALYST longcat 2026-09-04 17:49:13 UTC =====
[91m[1mError: [0m{
  "name": "UnknownError",
  "data": {
    "message": "Unexpected server error. Check server logs for details.",
    "ref": "err_ffc6db5d"
  }
}
===== ANALYST longcat 2026-09-04 20:01:29 UTC =====
[91m[1mError: [0m{
  "name": "UnknownError",
  "data": {
    "message": "Unexpected server error. Check server logs for details.",
    "ref": "err_4b08aefa"
  }
}
===== ANALYST longcat 2026-09-04 22:16:10 UTC =====
[91m[1mError: [0m{
  "name": "UnknownError",
  "data": {
    "message": "Unexpected server error. Check server logs for details.",
    "ref": "err_f731d5c2"
  }
}
===== ANALYST longcat 2026-09-05 00:15:30 UTC =====
[91m[1mError: [0m{
  "name": "UnknownError",
  "data": {
    "message": "Unexpected server error. Check server logs for details.",
    "ref": "err_422b7382"
  }
}
===== ANALYST longcat 2026-09-05 04:42:29 UTC =====
[91m[1mError: [0m{
  "name": "UnknownError",
  "data": {
    "message": "Unexpected server error. Check server logs for details.",
    "ref": "err_3917d124"
  }
}
===== ANALYST longcat 2026-09-05 08:45:24 UTC =====
[91m[1mError: [0m{
  "name": "UnknownError",
  "data": {
    "message": "Unexpected server error. Check server logs for details.",
    "ref": "err_2228662f"
  }
}
===== ANALYST longcat 2026-09-05 12:18:39 UTC =====
[91m[1mError: [0m{
  "name": "UnknownError",
  "data": {
    "message": "Unexpected server error. Check server logs for details.",
    "ref": "err_4aa1f4e5"
  }
}
===== ANALYST longcat 2026-09-05 15:26:18 UTC =====
[91m[1mError: [0m{
  "name": "UnknownError",
  "data": {
    "message": "Unexpected server error. Check server logs for details.",
    "ref": "err_1eaa555e"
  }
}
===== ANALYST longcat 2026-09-05 17:43:13 UTC =====
[91m[1mError: [0m{
  "name": "UnknownError",
  "data": {
    "message": "Unexpected server error. Check server logs for details.",
    "ref": "err_2c037865"
  }
}
===== ANALYST longcat 2026-09-05 19:34:06 UTC =====
[91m[1mError: [0m{
  "name": "UnknownError",
  "data": {
    "message": "Unexpected server error. Check server logs for details.",
    "ref": "err_9408c275"
  }
}
===== ANALYST longcat 2026-09-05 21:48:55 UTC =====
[91m[1mError: [0m{
  "name": "UnknownError",
  "data": {
    "message": "Unexpected server error. Check server logs for details.",
    "ref": "err_e62558fe"
  }
}
===== ANALYST longcat 2026-09-05 23:41:22 UTC =====
[91m[1mError: [0m{
  "name": "UnknownError",
  "data": {
    "message": "Unexpected server error. Check server logs for details.",
    "ref": "err_3e58a1fc"
  }
}
===== ANALYST longcat 2026-09-06 01:24:28 UTC =====
[91m[1mError: [0m{
  "name": "UnknownError",
  "data": {
    "message": "Unexpected server error. Check server logs for details.",
    "ref": "err_ca48df92"
  }
}
===== ANALYST longcat 2026-09-06 06:33:23 UTC =====
[91m[1mError: [0m{
  "name": "UnknownError",
  "data": {
    "message": "Unexpected server error. Check server logs for details.",
    "ref": "err_66117a52"
  }
}
===== ANALYST longcat 2026-09-06 11:22:06 UTC =====
[91m[1mError: [0m{
  "name": "UnknownError",
  "data": {
    "message": "Unexpected server error. Check server logs for details.",
    "ref": "err_350f9baa"
  }
}
===== ANALYST longcat 2026-09-06 14:41:37 UTC =====
[91m[1mError: [0m{
  "name": "UnknownError",
  "data": {
    "message": "Unexpected server error. Check server logs for details.",
    "ref": "err_710e1d2f"
  }
}
===== ANALYST longcat 2026-09-06 17:40:53 UTC =====
[91m[1mError: [0m{
  "name": "UnknownError",
  "data": {
    "message": "Unexpected server error. Check server logs for details.",
    "ref": "err_92cfff03"
  }
}
===== ANALYST longcat 2026-09-06 19:37:59 UTC =====
[91m[1mError: [0m{
  "name": "UnknownError",
  "data": {
    "message": "Unexpected server error. Check server logs for details.",
    "ref": "err_4578c054"
  }
}
===== ANALYST longcat 2026-09-06 21:45:07 UTC =====
[91m[1mError: [0m{
  "name": "UnknownError",
  "data": {
    "message": "Unexpected server error. Check server logs for details.",
    "ref": "err_e7a1a6d4"
  }
}
===== ANALYST longcat 2026-09-06 23:38:37 UTC =====
[91m[1mError: [0m{
  "name": "UnknownError",
  "data": {
    "message": "Unexpected server error. Check server logs for details.",
    "ref": "err_e58b4ccb"
  }
}
===== ANALYST longcat 2026-09-07 01:21:14 UTC =====
[91m[1mError: [0m{
  "name": "UnknownError",
  "data": {
    "message": "Unexpected server error. Check server logs for details.",
    "ref": "err_1d161527"
  }
}
===== ANALYST longcat 2026-09-07 06:14:58 UTC =====
[91m[1mError: [0m{
  "name": "UnknownError",
  "data": {
    "message": "Unexpected server error. Check server logs for details.",
    "ref": "err_fc128bc5"
  }
}
===== ANALYST longcat 2026-09-07 12:52:49 UTC =====
[91m[1mError: [0m{
  "name": "UnknownError",
  "data": {
    "message": "Unexpected server error. Check server logs for details.",
    "ref": "err_118c9ee4"
  }
}
===== ANALYST longcat 2026-09-07 18:14:16 UTC =====
[91m[1mError: [0m{
  "name": "UnknownError",
  "data": {
    "message": "Unexpected server error. Check server logs for details.",
    "ref": "err_1bfe52f9"
  }
}
===== ANALYST longcat 2026-09-07 21:38:18 UTC =====
[91m[1mError: [0m{
  "name": "UnknownError",
  "data": {
    "message": "Unexpected server error. Check server logs for details.",
    "ref": "err_111e4e6a"
  }
}
===== ANALYST longcat 2026-09-07 23:49:07 UTC =====
[91m[1mError: [0m{
  "name": "UnknownError",
  "data": {
    "message": "Unexpected server error. Check server logs for details.",
    "ref": "err_b7650c75"
  }
}
===== ANALYST longcat 2026-09-08 03:54:37 UTC =====
[91m[1mError: [0m{
  "name": "UnknownError",
  "data": {
    "message": "Unexpected server error. Check server logs for details.",
    "ref": "err_5dec8785"
  }
}
===== ANALYST longcat 2026-09-08 08:49:28 UTC =====
[91m[1mError: [0m{
  "name": "UnknownError",
  "data": {
    "message": "Unexpected server error. Check server logs for details.",
    "ref": "err_e2670cbf"
  }
}
===== ANALYST longcat 2026-09-08 13:30:46 UTC =====
[91m[1mError: [0m{
  "name": "UnknownError",
  "data": {
    "message": "Unexpected server error. Check server logs for details.",
    "ref": "err_82d7eb7e"
  }
}
===== ANALYST longcat 2026-09-08 17:33:24 UTC =====
[91m[1mError: [0m{
  "name": "UnknownError",
  "data": {
    "message": "Unexpected server error. Check server logs for details.",
    "ref": "err_a261e6be"
  }
}
===== ANALYST longcat 2026-09-08 20:19:01 UTC =====
[91m[1mError: [0m{
  "name": "UnknownError",
  "data": {
    "message": "Unexpected server error. Check server logs for details.",
    "ref": "err_fb483bc3"
  }
}
===== ANALYST longcat 2026-09-08 22:50:56 UTC =====
[91m[1mError: [0m{
  "name": "UnknownError",
  "data": {
    "message": "Unexpected server error. Check server logs for details.",
    "ref": "err_1b632155"
  }
}
===== ANALYST longcat 2026-09-09 01:17:49 UTC =====
[91m[1mError: [0m{
  "name": "UnknownError",
  "data": {
    "message": "Unexpected server error. Check server logs for details.",
    "ref": "err_da634d6e"
  }
}
===== ANALYST longcat 2026-09-09 06:13:02 UTC =====
[91m[1mError: [0m{
  "name": "UnknownError",
  "data": {
    "message": "Unexpected server error. Check server logs for details.",
    "ref": "err_167c5e1d"
  }
}
===== ANALYST longcat 2026-09-09 11:46:39 UTC =====
[91m[1mError: [0m{
  "name": "UnknownError",
  "data": {
    "message": "Unexpected server error. Check server logs for details.",
    "ref": "err_023f499a"
  }
}
===== ANALYST longcat 2026-09-09 15:26:03 UTC =====
[91m[1mError: [0m{
  "name": "UnknownError",
  "data": {
    "message": "Unexpected server error. Check server logs for details.",
    "ref": "err_56cfc08f"
  }
}
===== ANALYST longcat 2026-09-09 18:46:37 UTC =====
[91m[1mError: [0m{
  "name": "UnknownError",
  "data": {
    "message": "Unexpected server error. Check server logs for details.",
    "ref": "err_d7dba66a"
  }
}
===== ANALYST longcat 2026-09-09 21:36:15 UTC =====
[91m[1mError: [0m{
  "name": "UnknownError",
  "data": {
    "message": "Unexpected server error. Check server logs for details.",
    "ref": "err_023beb1a"
  }
}
===== ANALYST longcat 2026-09-09 23:34:33 UTC =====
[91m[1mError: [0m{
  "name": "UnknownError",
  "data": {
    "message": "Unexpected server error. Check server logs for details.",
    "ref": "err_b16363e9"
  }
}
===== ANALYST longcat 2026-09-10 01:31:59 UTC =====
[91m[1mError: [0m{
  "name": "UnknownError",
  "data": {
    "message": "Unexpected server error. Check server logs for details.",
    "ref": "err_cabee531"
  }
}
===== ANALYST longcat 2026-09-10 06:46:13 UTC =====
[91m[1mError: [0m{
  "name": "UnknownError",
  "data": {
    "message": "Unexpected server error. Check server logs for details.",
    "ref": "err_266a9c60"
  }
}
===== ANALYST longcat 2026-09-10 12:06:57 UTC =====
[91m[1mError: [0m{
  "name": "UnknownError",
  "data": {
    "message": "Unexpected server error. Check server logs for details.",
    "ref": "err_20396a8f"
  }
}
===== ANALYST longcat 2026-09-10 16:16:28 UTC =====
[91m[1mError: [0m{
  "name": "UnknownError",
  "data": {
    "message": "Unexpected server error. Check server logs for details.",
    "ref": "err_cdd433e2"
  }
}
===== ANALYST longcat 2026-09-10 19:11:18 UTC =====
[91m[1mError: [0m{
  "name": "UnknownError",
  "data": {
    "message": "Unexpected server error. Check server logs for details.",
    "ref": "err_47ab5cfb"
  }
}
===== ANALYST longcat 2026-09-10 21:46:49 UTC =====
[91m[1mError: [0m{
  "name": "UnknownError",
  "data": {
    "message": "Unexpected server error. Check server logs for details.",
    "ref": "err_8ea72802"
  }
}
===== ANALYST longcat 2026-09-10 23:53:47 UTC =====
[91m[1mError: [0m{
  "name": "UnknownError",
  "data": {
    "message": "Unexpected server error. Check server logs for details.",
    "ref": "err_57b574b9"
  }
}
===== ANALYST longcat 2026-09-11 03:52:49 UTC =====
[91m[1mError: [0m{
  "name": "UnknownError",
  "data": {
    "message": "Unexpected server error. Check server logs for details.",
    "ref": "err_c5277683"
  }
}
===== ANALYST longcat 2026-09-11 08:49:14 UTC =====
[91m[1mError: [0m{
  "name": "UnknownError",
  "data": {
    "message": "Unexpected server error. Check server logs for details.",
    "ref": "err_09e9ddaa"
  }
}
===== ANALYST longcat 2026-09-11 13:35:17 UTC =====
[91m[1mError: [0m{
  "name": "UnknownError",
  "data": {
    "message": "Unexpected server error. Check server logs for details.",
    "ref": "err_ea8e7ffe"
  }
}
===== ANALYST longcat 2026-09-11 17:24:11 UTC =====
[91m[1mError: [0m{
  "name": "UnknownError",
  "data": {
    "message": "Unexpected server error. Check server logs for details.",
    "ref": "err_bcee4c75"
  }
}
===== ANALYST longcat 2026-09-11 19:57:09 UTC =====
[91m[1mError: [0m{
  "name": "UnknownError",
  "data": {
    "message": "Unexpected server error. Check server logs for details.",
    "ref": "err_e83c1487"
  }
}
===== ANALYST longcat 2026-09-11 22:24:48 UTC =====
[91m[1mError: [0m{
  "name": "UnknownError",
  "data": {
    "message": "Unexpected server error. Check server logs for details.",
    "ref": "err_165b274f"
  }
}
===== ANALYST longcat 2026-09-12 00:44:17 UTC =====
[91m[1mError: [0m{
  "name": "UnknownError",
  "data": {
    "message": "Unexpected server error. Check server logs for details.",
    "ref": "err_c9c17d7a"
  }
}
===== ANALYST longcat 2026-09-12 05:05:12 UTC =====
[91m[1mError: [0m{
  "name": "UnknownError",
  "data": {
    "message": "Unexpected server error. Check server logs for details.",
    "ref": "err_857944f4"
  }
}
===== ANALYST longcat 2026-09-12 09:29:55 UTC =====
[91m[1mError: [0m{
  "name": "UnknownError",
  "data": {
    "message": "Unexpected server error. Check server logs for details.",
    "ref": "err_5867d4d5"
  }
}
===== ANALYST longcat 2026-09-12 13:12:28 UTC =====
[91m[1mError: [0m{
  "name": "UnknownError",
  "data": {
    "message": "Unexpected server error. Check server logs for details.",
    "ref": "err_e51b823e"
  }
}
===== ANALYST longcat 2026-09-12 16:31:25 UTC =====
[91m[1mError: [0m{
  "name": "UnknownError",
  "data": {
    "message": "Unexpected server error. Check server logs for details.",
    "ref": "err_ed588a71"
  }
}
===== ANALYST longcat 2026-09-12 18:49:50 UTC =====
[91m[1mError: [0m{
  "name": "UnknownError",
  "data": {
    "message": "Unexpected server error. Check server logs for details.",
    "ref": "err_afc2e15f"
  }
}
===== ANALYST longcat 2026-09-12 21:22:41 UTC =====
[91m[1mError: [0m{
  "name": "UnknownError",
  "data": {
    "message": "Unexpected server error. Check server logs for details.",
    "ref": "err_873d272f"
  }
}
===== ANALYST longcat 2026-09-12 23:07:43 UTC =====
[91m[1mError: [0m{
  "name": "UnknownError",
  "data": {
    "message": "Unexpected server error. Check server logs for details.",
    "ref": "err_d236261c"
  }
}
===== ANALYST longcat 2026-09-13 01:13:19 UTC =====
[91m[1mError: [0m{
  "name": "UnknownError",
  "data": {
    "message": "Unexpected server error. Check server logs for details.",
    "ref": "err_637ffc9c"
  }
}
===== ANALYST longcat 2026-09-13 06:25:02 UTC =====
[91m[1mError: [0m{
  "name": "UnknownError",
  "data": {
    "message": "Unexpected server error. Check server logs for details.",
    "ref": "err_468e9866"
  }
}
===== ANALYST longcat 2026-09-13 12:20:46 UTC =====
[91m[1mError: [0m{
  "name": "UnknownError",
  "data": {
    "message": "Unexpected server error. Check server logs for details.",
    "ref": "err_1660c34e"
  }
}
===== ANALYST longcat 2026-09-13 16:47:47 UTC =====
[91m[1mError: [0m{
  "name": "UnknownError",
  "data": {
    "message": "Unexpected server error. Check server logs for details.",
    "ref": "err_f64860d7"
  }
}
===== ANALYST longcat 2026-09-13 19:10:28 UTC =====
[91m[1mError: [0m{
  "name": "UnknownError",
  "data": {
    "message": "Unexpected server error. Check server logs for details.",
    "ref": "err_34575094"
  }
}
===== ANALYST longcat 2026-09-13 21:24:31 UTC =====
[91m[1mError: [0m{
  "name": "UnknownError",
  "data": {
    "message": "Unexpected server error. Check server logs for details.",
    "ref": "err_4b3f5be2"
  }
}
===== ANALYST longcat 2026-09-13 23:37:57 UTC =====
[91m[1mError: [0m{
  "name": "UnknownError",
  "data": {
    "message": "Unexpected server error. Check server logs for details.",
    "ref": "err_bcae18bd"
  }
}
===== ANALYST longcat 2026-09-14 01:41:35 UTC =====
[91m[1mError: [0m{
  "name": "UnknownError",
  "data": {
    "message": "Unexpected server error. Check server logs for details.",
    "ref": "err_28ff57e6"
  }
}
===== ANALYST longcat 2026-09-14 07:12:07 UTC =====
[91m[1mError: [0m{
  "name": "UnknownError",
  "data": {
    "message": "Unexpected server error. Check server logs for details.",
    "ref": "err_edb2a7cd"
  }
}
===== ANALYST longcat 2026-09-14 14:29:40 UTC =====
[91m[1mError: [0m{
  "name": "UnknownError",
  "data": {
    "message": "Unexpected server error. Check server logs for details.",
    "ref": "err_a3b69931"
  }
}
===== ANALYST longcat 2026-09-14 19:41:43 UTC =====
[91m[1mError: [0m{
  "name": "UnknownError",
  "data": {
    "message": "Unexpected server error. Check server logs for details.",
    "ref": "err_8ba6f5ee"
  }
}
===== ANALYST longcat 2026-09-14 22:48:56 UTC =====
[91m[1mError: [0m{
  "name": "UnknownError",
  "data": {
    "message": "Unexpected server error. Check server logs for details.",
    "ref": "err_7a69a3d6"
  }
}
===== ANALYST longcat 2026-09-15 01:27:50 UTC =====
[91m[1mError: [0m{
  "name": "UnknownError",
  "data": {
    "message": "Unexpected server error. Check server logs for details.",
    "ref": "err_a2d816b5"
  }
}
===== ANALYST longcat 2026-09-15 06:17:46 UTC =====
[91m[1mError: [0m{
  "name": "UnknownError",
  "data": {
    "message": "Unexpected server error. Check server logs for details.",
    "ref": "err_16feba28"
  }
}
===== ANALYST longcat 2026-09-15 11:58:00 UTC =====
[91m[1mError: [0m{
  "name": "UnknownError",
  "data": {
    "message": "Unexpected server error. Check server logs for details.",
    "ref": "err_d0b70769"
  }
}
===== ANALYST longcat 2026-09-15 16:49:41 UTC =====
[91m[1mError: [0m{
  "name": "UnknownError",
  "data": {
    "message": "Unexpected server error. Check server logs for details.",
    "ref": "err_02e7ba47"
  }
}
===== ANALYST longcat 2026-09-15 20:01:14 UTC =====
[91m[1mError: [0m{
  "name": "UnknownError",
  "data": {
    "message": "Unexpected server error. Check server logs for details.",
    "ref": "err_4298adc3"
  }
}
===== ANALYST longcat 2026-09-15 22:52:41 UTC =====
[91m[1mError: [0m{
  "name": "UnknownError",
  "data": {
    "message": "Unexpected server error. Check server logs for details.",
    "ref": "err_33038846"
  }
}
===== ANALYST longcat 2026-09-16 01:12:15 UTC =====
[91m[1mError: [0m{
  "name": "UnknownError",
  "data": {
    "message": "Unexpected server error. Check server logs for details.",
    "ref": "err_8a6cec9e"
  }
}
===== ANALYST longcat 2026-09-16 06:13:51 UTC =====
[91m[1mError: [0m{
  "name": "UnknownError",
  "data": {
    "message": "Unexpected server error. Check server logs for details.",
    "ref": "err_e8e7cde1"
  }
}
===== ANALYST longcat 2026-09-16 11:52:05 UTC =====
[91m[1mError: [0m{
  "name": "UnknownError",
  "data": {
    "message": "Unexpected server error. Check server logs for details.",
    "ref": "err_e3998a34"
  }
}
===== ANALYST longcat 2026-09-16 16:34:12 UTC =====
[91m[1mError: [0m{
  "name": "UnknownError",
  "data": {
    "message": "Unexpected server error. Check server logs for details.",
    "ref": "err_1f5ec7a0"
  }
}
===== ANALYST longcat 2026-09-16 20:01:33 UTC =====
[91m[1mError: [0m{
  "name": "UnknownError",
  "data": {
    "message": "Unexpected server error. Check server logs for details.",
    "ref": "err_4fdbb964"
  }
}
===== ANALYST longcat 2026-09-16 22:47:10 UTC =====
[91m[1mError: [0m{
  "name": "UnknownError",
  "data": {
    "message": "Unexpected server error. Check server logs for details.",
    "ref": "err_b1b559bb"
  }
}
===== ANALYST longcat 2026-09-17 01:13:10 UTC =====
[91m[1mError: [0m{
  "name": "UnknownError",
  "data": {
    "message": "Unexpected server error. Check server logs for details.",
    "ref": "err_a7f6cc7e"
  }
}
===== ANALYST longcat 2026-09-17 06:15:14 UTC =====
[91m[1mError: [0m{
  "name": "UnknownError",
  "data": {
    "message": "Unexpected server error. Check server logs for details.",
    "ref": "err_367b399b"
  }
}
===== ANALYST longcat 2026-09-17 11:54:25 UTC =====
[91m[1mError: [0m{
  "name": "UnknownError",
  "data": {
    "message": "Unexpected server error. Check server logs for details.",
    "ref": "err_35d278d0"
  }
}
===== ANALYST longcat 2026-09-17 16:37:09 UTC =====
[91m[1mError: [0m{
  "name": "UnknownError",
  "data": {
    "message": "Unexpected server error. Check server logs for details.",
    "ref": "err_98e2a259"
  }
}
===== ANALYST longcat 2026-09-17 19:52:56 UTC =====
[91m[1mError: [0m{
  "name": "UnknownError",
  "data": {
    "message": "Unexpected server error. Check server logs for details.",
    "ref": "err_1c9ca972"
  }
}
===== ANALYST longcat 2026-09-17 22:45:40 UTC =====
[91m[1mError: [0m{
  "name": "UnknownError",
  "data": {
    "message": "Unexpected server error. Check server logs for details.",
    "ref": "err_b9484280"
  }
}
===== ANALYST longcat 2026-09-18 01:09:42 UTC =====
[91m[1mError: [0m{
  "name": "UnknownError",
  "data": {
    "message": "Unexpected server error. Check server logs for details.",
    "ref": "err_83301da6"
  }
}
===== ANALYST longcat 2026-09-18 06:04:57 UTC =====
[91m[1mError: [0m{
  "name": "UnknownError",
  "data": {
    "message": "Unexpected server error. Check server logs for details.",
    "ref": "err_5ccf6b65"
  }
}
===== ANALYST longcat 2026-09-18 11:31:14 UTC =====
[91m[1mError: [0m{
  "name": "UnknownError",
  "data": {
    "message": "Unexpected server error. Check server logs for details.",
    "ref": "err_e62a0975"
  }
}
===== ANALYST longcat 2026-09-18 15:18:01 UTC =====
[91m[1mError: [0m{
  "name": "UnknownError",
  "data": {
    "message": "Unexpected server error. Check server logs for details.",
    "ref": "err_b760588d"
  }
}
===== ANALYST longcat 2026-09-18 18:37:48 UTC =====
[91m[1mError: [0m{
  "name": "UnknownError",
  "data": {
    "message": "Unexpected server error. Check server logs for details.",
    "ref": "err_34ff82b6"
  }
}
===== ANALYST longcat 2026-09-18 21:17:56 UTC =====
[91m[1mError: [0m{
  "name": "UnknownError",
  "data": {
    "message": "Unexpected server error. Check server logs for details.",
    "ref": "err_3d47fd9f"
  }
}
===== ANALYST longcat 2026-09-18 23:25:07 UTC =====
[91m[1mError: [0m{
  "name": "UnknownError",
  "data": {
    "message": "Unexpected server error. Check server logs for details.",
    "ref": "err_c6c7f0a6"
  }
}
===== ANALYST longcat 2026-09-19 01:37:38 UTC =====
[91m[1mError: [0m{
  "name": "UnknownError",
  "data": {
    "message": "Unexpected server error. Check server logs for details.",
    "ref": "err_b963bdd3"
  }
}
===== ANALYST longcat 2026-09-19 06:38:14 UTC =====
[91m[1mError: [0m{
  "name": "UnknownError",
  "data": {
    "message": "Unexpected server error. Check server logs for details.",
    "ref": "err_9eaaab46"
  }
}
===== ANALYST longcat 2026-09-19 11:35:39 UTC =====
[91m[1mError: [0m{
  "name": "UnknownError",
  "data": {
    "message": "Unexpected server error. Check server logs for details.",
    "ref": "err_b2b21624"
  }
}
