===== ANALYST laguna 2026-09-03 17:21:30 UTC =====
[91m[1mError: [0m{
  "name": "UnknownError",
  "data": {
    "message": "Unexpected server error. Check server logs for details.",
    "ref": "err_ad34c2d6"
  }
}
===== ANALYST laguna 2026-09-03 20:03:14 UTC =====
[91m[1mError: [0m{
  "name": "UnknownError",
  "data": {
    "message": "Unexpected server error. Check server logs for details.",
    "ref": "err_70677d77"
  }
}
===== ANALYST laguna 2026-09-03 22:31:53 UTC =====
[91m[1mError: [0m{
  "name": "UnknownError",
  "data": {
    "message": "Unexpected server error. Check server logs for details.",
    "ref": "err_716cbe37"
  }
}
===== ANALYST laguna 2026-09-04 00:43:49 UTC =====
[91m[1mError: [0m{
  "name": "UnknownError",
  "data": {
    "message": "Unexpected server error. Check server logs for details.",
    "ref": "err_791e7942"
  }
}
===== ANALYST laguna 2026-09-04 05:17:56 UTC =====
[91m[1mError: [0m{
  "name": "UnknownError",
  "data": {
    "message": "Unexpected server error. Check server logs for details.",
    "ref": "err_8670a408"
  }
}
===== ANALYST laguna 2026-09-04 09:58:02 UTC =====
[91m[1mError: [0m{
  "name": "UnknownError",
  "data": {
    "message": "Unexpected server error. Check server logs for details.",
    "ref": "err_cfcaf1f4"
  }
}
===== ANALYST laguna 2026-09-04 14:20:23 UTC =====
[91m[1mError: [0m{
  "name": "UnknownError",
  "data": {
    "message": "Unexpected server error. Check server logs for details.",
    "ref": "err_84b94a20"
  }
}
===== ANALYST laguna 2026-09-04 17:49:13 UTC =====
[91m[1mError: [0m{
  "name": "UnknownError",
  "data": {
    "message": "Unexpected server error. Check server logs for details.",
    "ref": "err_8f607b97"
  }
}
===== ANALYST laguna 2026-09-04 20:01:29 UTC =====
[91m[1mError: [0m{
  "name": "UnknownError",
  "data": {
    "message": "Unexpected server error. Check server logs for details.",
    "ref": "err_585bfceb"
  }
}
===== ANALYST laguna 2026-09-04 22:16:10 UTC =====
[91m[1mError: [0m{
  "name": "UnknownError",
  "data": {
    "message": "Unexpected server error. Check server logs for details.",
    "ref": "err_68e13320"
  }
}
===== ANALYST laguna 2026-09-05 00:15:30 UTC =====
[91m[1mError: [0m{
  "name": "UnknownError",
  "data": {
    "message": "Unexpected server error. Check server logs for details.",
    "ref": "err_f642a774"
  }
}
===== ANALYST laguna 2026-09-05 04:42:29 UTC =====
[91m[1mError: [0m{
  "name": "UnknownError",
  "data": {
    "message": "Unexpected server error. Check server logs for details.",
    "ref": "err_5755c055"
  }
}
===== ANALYST laguna 2026-09-05 08:45:24 UTC =====
[91m[1mError: [0m{
  "name": "UnknownError",
  "data": {
    "message": "Unexpected server error. Check server logs for details.",
    "ref": "err_c4b7b209"
  }
}
===== ANALYST laguna 2026-09-05 12:18:39 UTC =====
[91m[1mError: [0m{
  "name": "UnknownError",
  "data": {
    "message": "Unexpected server error. Check server logs for details.",
    "ref": "err_20d6773f"
  }
}
===== ANALYST laguna 2026-09-05 15:26:18 UTC =====
[91m[1mError: [0m{
  "name": "UnknownError",
  "data": {
    "message": "Unexpected server error. Check server logs for details.",
    "ref": "err_855f8bf8"
  }
}
===== ANALYST laguna 2026-09-05 17:43:13 UTC =====
[91m[1mError: [0m{
  "name": "UnknownError",
  "data": {
    "message": "Unexpected server error. Check server logs for details.",
    "ref": "err_8ce903e7"
  }
}
===== ANALYST laguna 2026-09-05 19:34:06 UTC =====
[91m[1mError: [0m{
  "name": "UnknownError",
  "data": {
    "message": "Unexpected server error. Check server logs for details.",
    "ref": "err_a985e862"
  }
}
===== ANALYST laguna 2026-09-05 21:48:55 UTC =====
[91m[1mError: [0m{
  "name": "UnknownError",
  "data": {
    "message": "Unexpected server error. Check server logs for details.",
    "ref": "err_16178455"
  }
}
===== ANALYST laguna 2026-09-05 23:41:22 UTC =====
[91m[1mError: [0m{
  "name": "UnknownError",
  "data": {
    "message": "Unexpected server error. Check server logs for details.",
    "ref": "err_fa56fc57"
  }
}
===== ANALYST laguna 2026-09-06 01:24:28 UTC =====
[91m[1mError: [0m{
  "name": "UnknownError",
  "data": {
    "message": "Unexpected server error. Check server logs for details.",
    "ref": "err_60aa684b"
  }
}
===== ANALYST laguna 2026-09-06 06:33:23 UTC =====
[91m[1mError: [0m{
  "name": "UnknownError",
  "data": {
    "message": "Unexpected server error. Check server logs for details.",
    "ref": "err_addaf0ef"
  }
}
===== ANALYST laguna 2026-09-06 11:22:06 UTC =====
[91m[1mError: [0m{
  "name": "UnknownError",
  "data": {
    "message": "Unexpected server error. Check server logs for details.",
    "ref": "err_d2d856e6"
  }
}
===== ANALYST laguna 2026-09-06 14:41:37 UTC =====
[91m[1mError: [0m{
  "name": "UnknownError",
  "data": {
    "message": "Unexpected server error. Check server logs for details.",
    "ref": "err_ab2d02db"
  }
}
===== ANALYST laguna 2026-09-06 17:40:53 UTC =====
[91m[1mError: [0m{
  "name": "UnknownError",
  "data": {
    "message": "Unexpected server error. Check server logs for details.",
    "ref": "err_82619658"
  }
}
===== ANALYST laguna 2026-09-06 19:37:59 UTC =====
[91m[1mError: [0m{
  "name": "UnknownError",
  "data": {
    "message": "Unexpected server error. Check server logs for details.",
    "ref": "err_60da0a7f"
  }
}
===== ANALYST laguna 2026-09-06 21:45:07 UTC =====
[91m[1mError: [0m{
  "name": "UnknownError",
  "data": {
    "message": "Unexpected server error. Check server logs for details.",
    "ref": "err_c3c67dfe"
  }
}
===== ANALYST laguna 2026-09-06 23:38:37 UTC =====
[91m[1mError: [0m{
  "name": "UnknownError",
  "data": {
    "message": "Unexpected server error. Check server logs for details.",
    "ref": "err_0c963165"
  }
}
===== ANALYST laguna 2026-09-07 01:21:14 UTC =====
[91m[1mError: [0m{
  "name": "UnknownError",
  "data": {
    "message": "Unexpected server error. Check server logs for details.",
    "ref": "err_189dc989"
  }
}
===== ANALYST laguna 2026-09-07 06:14:58 UTC =====
[91m[1mError: [0m{
  "name": "UnknownError",
  "data": {
    "message": "Unexpected server error. Check server logs for details.",
    "ref": "err_ad84cadb"
  }
}
===== ANALYST laguna 2026-09-07 12:52:49 UTC =====
[91m[1mError: [0m{
  "name": "UnknownError",
  "data": {
    "message": "Unexpected server error. Check server logs for details.",
    "ref": "err_38b2909d"
  }
}
===== ANALYST laguna 2026-09-07 18:14:16 UTC =====
[91m[1mError: [0m{
  "name": "UnknownError",
  "data": {
    "message": "Unexpected server error. Check server logs for details.",
    "ref": "err_e35d4523"
  }
}
===== ANALYST laguna 2026-09-07 21:38:18 UTC =====
[91m[1mError: [0m{
  "name": "UnknownError",
  "data": {
    "message": "Unexpected server error. Check server logs for details.",
    "ref": "err_1a53991c"
  }
}
===== ANALYST laguna 2026-09-07 23:49:07 UTC =====
[91m[1mError: [0m{
  "name": "UnknownError",
  "data": {
    "message": "Unexpected server error. Check server logs for details.",
    "ref": "err_79338723"
  }
}
===== ANALYST laguna 2026-09-08 03:54:37 UTC =====
[91m[1mError: [0m{
  "name": "UnknownError",
  "data": {
    "message": "Unexpected server error. Check server logs for details.",
    "ref": "err_c7f41ed4"
  }
}
===== ANALYST laguna 2026-09-08 08:49:28 UTC =====
[91m[1mError: [0m{
  "name": "UnknownError",
  "data": {
    "message": "Unexpected server error. Check server logs for details.",
    "ref": "err_ad09a6e7"
  }
}
===== ANALYST laguna 2026-09-08 13:30:46 UTC =====
[91m[1mError: [0m{
  "name": "UnknownError",
  "data": {
    "message": "Unexpected server error. Check server logs for details.",
    "ref": "err_6c56e084"
  }
}
===== ANALYST laguna 2026-09-08 17:33:24 UTC =====
[91m[1mError: [0m{
  "name": "UnknownError",
  "data": {
    "message": "Unexpected server error. Check server logs for details.",
    "ref": "err_2196daa2"
  }
}
===== ANALYST laguna 2026-09-08 20:19:01 UTC =====
[91m[1mError: [0m{
  "name": "UnknownError",
  "data": {
    "message": "Unexpected server error. Check server logs for details.",
    "ref": "err_bf0b2555"
  }
}
===== ANALYST laguna 2026-09-08 22:50:56 UTC =====
[91m[1mError: [0m{
  "name": "UnknownError",
  "data": {
    "message": "Unexpected server error. Check server logs for details.",
    "ref": "err_c4a6f128"
  }
}
===== ANALYST laguna 2026-09-09 01:17:49 UTC =====
[91m[1mError: [0m{
  "name": "UnknownError",
  "data": {
    "message": "Unexpected server error. Check server logs for details.",
    "ref": "err_de80e882"
  }
}
===== ANALYST laguna 2026-09-09 06:13:02 UTC =====
[91m[1mError: [0m{
  "name": "UnknownError",
  "data": {
    "message": "Unexpected server error. Check server logs for details.",
    "ref": "err_2a0049bb"
  }
}
===== ANALYST laguna 2026-09-09 11:46:39 UTC =====
[91m[1mError: [0m{
  "name": "UnknownError",
  "data": {
    "message": "Unexpected server error. Check server logs for details.",
    "ref": "err_7a2f8f2b"
  }
}
===== ANALYST laguna 2026-09-09 15:26:03 UTC =====
[91m[1mError: [0m{
  "name": "UnknownError",
  "data": {
    "message": "Unexpected server error. Check server logs for details.",
    "ref": "err_22eb12fe"
  }
}
===== ANALYST laguna 2026-09-09 18:46:37 UTC =====
[91m[1mError: [0m{
  "name": "UnknownError",
  "data": {
    "message": "Unexpected server error. Check server logs for details.",
    "ref": "err_20bd08ea"
  }
}
===== ANALYST laguna 2026-09-09 21:36:15 UTC =====
[91m[1mError: [0m{
  "name": "UnknownError",
  "data": {
    "message": "Unexpected server error. Check server logs for details.",
    "ref": "err_757e4e43"
  }
}
===== ANALYST laguna 2026-09-09 23:34:33 UTC =====
[91m[1mError: [0m{
  "name": "UnknownError",
  "data": {
    "message": "Unexpected server error. Check server logs for details.",
    "ref": "err_64e95138"
  }
}
===== ANALYST laguna 2026-09-10 01:31:59 UTC =====
[91m[1mError: [0m{
  "name": "UnknownError",
  "data": {
    "message": "Unexpected server error. Check server logs for details.",
    "ref": "err_65384254"
  }
}
===== ANALYST laguna 2026-09-10 06:46:13 UTC =====
[91m[1mError: [0m{
  "name": "UnknownError",
  "data": {
    "message": "Unexpected server error. Check server logs for details.",
    "ref": "err_22aafc03"
  }
}
===== ANALYST laguna 2026-09-10 12:06:57 UTC =====
[91m[1mError: [0m{
  "name": "UnknownError",
  "data": {
    "message": "Unexpected server error. Check server logs for details.",
    "ref": "err_97838e18"
  }
}
===== ANALYST laguna 2026-09-10 16:16:28 UTC =====
[91m[1mError: [0m{
  "name": "UnknownError",
  "data": {
    "message": "Unexpected server error. Check server logs for details.",
    "ref": "err_e0d80e44"
  }
}
===== ANALYST laguna 2026-09-10 19:11:18 UTC =====
[91m[1mError: [0m{
  "name": "UnknownError",
  "data": {
    "message": "Unexpected server error. Check server logs for details.",
    "ref": "err_0e77c0dd"
  }
}
===== ANALYST laguna 2026-09-10 21:46:49 UTC =====
[91m[1mError: [0m{
  "name": "UnknownError",
  "data": {
    "message": "Unexpected server error. Check server logs for details.",
    "ref": "err_9af2685e"
  }
}
===== ANALYST laguna 2026-09-10 23:53:47 UTC =====
[91m[1mError: [0m{
  "name": "UnknownError",
  "data": {
    "message": "Unexpected server error. Check server logs for details.",
    "ref": "err_b4e2a516"
  }
}
===== ANALYST laguna 2026-09-11 03:52:49 UTC =====
[91m[1mError: [0m{
  "name": "UnknownError",
  "data": {
    "message": "Unexpected server error. Check server logs for details.",
    "ref": "err_5583e793"
  }
}
===== ANALYST laguna 2026-09-11 08:49:14 UTC =====
[91m[1mError: [0m{
  "name": "UnknownError",
  "data": {
    "message": "Unexpected server error. Check server logs for details.",
    "ref": "err_b0338df9"
  }
}
===== ANALYST laguna 2026-09-11 13:35:17 UTC =====
[91m[1mError: [0m{
  "name": "UnknownError",
  "data": {
    "message": "Unexpected server error. Check server logs for details.",
    "ref": "err_ae7940c9"
  }
}
===== ANALYST laguna 2026-09-11 17:24:11 UTC =====
[91m[1mError: [0m{
  "name": "UnknownError",
  "data": {
    "message": "Unexpected server error. Check server logs for details.",
    "ref": "err_4b6d4ce5"
  }
}
===== ANALYST laguna 2026-09-11 19:57:09 UTC =====
[91m[1mError: [0m{
  "name": "UnknownError",
  "data": {
    "message": "Unexpected server error. Check server logs for details.",
    "ref": "err_324679c2"
  }
}
