===== ANALYST nemotron3 2026-09-03 17:21:30 UTC =====
[0m
> build · nemotron-3-ultra-free
[0m
[0m$ [0mls -la /home/runner/work/hornbach-hunt/hornbach-hunt/
total 100
drwxr-xr-x 12 runner runner 4096 Sep  3 17:12 .
drwxr-xr-x  3 runner runner 4096 Sep  3 17:12 ..
drwxr-xr-x  7 runner runner 4096 Sep  3 17:12 .git
drwxr-xr-x  3 runner runner 4096 Sep  3 17:12 .github
-rw-r--r--  1 runner runner 1901 Sep  3 17:12 README.md
-rw-r--r--  1 runner runner   43 Sep  3 17:12 analyst-out.txt
-rw-r--r--  1 runner runner 6897 Sep  3 17:12 analyst-prompt.txt
-rw-r--r--  1 runner runner 2969 Sep  3 17:12 ctx.txt
drwxr-xr-x  2 runner runner 4096 Sep  3 17:12 inventory
drwxr-xr-x  2 runner runner 4096 Sep  3 17:12 knowledge
drwxr-xr-x  2 runner runner 4096 Sep  3 17:12 leads
-rw-r--r--  1 runner runner  145 Sep  3 17:12 probe-results.md
drwxr-xr-x  2 runner runner 4096 Sep  3 17:12 recon-notes
drwxr-xr-x  2 runner runner 4096 Sep  3 17:12 reports
drwxr-xr-x  2 runner runner 4096 Sep  3 17:12 reposcan-raw
-rw-r--r--  1 runner runner 3341 Sep  3 17:12 scope.yml
drwxr-xr-x  2 runner runner 4096 Sep  3 17:12 scripts
-rw-r--r--  1 runner runner   32 Sep  3 17:12 state_bigpickle.json
-rw-r--r--  1 runner runner   32 Sep  3 17:12 state_laguna.json
-rw-r--r--  1 runner runner   32 Sep  3 17:12 state_ling3.json
-rw-r--r--  1 runner runner   32 Sep  3 17:12 state_longcat.json
-rw-r--r--  1 runner runner   33 Sep  3 17:12 state_mimo.json
-rw-r--r--  1 runner runner   32 Sep  3 17:12 state_nemotron3.json
drwxr-xr-x  2 runner runner 4096 Sep  3 17:12 triage
[0m
[0m→ [0mRead inventory/hornbach.md
[0m→ [0mRead scope.yml
[0m→ [0mRead analyst-out.txt
[0m
[0m$ [0mls -la /home/runner/work/hornbach-hunt/hornbach-hunt/knowledge/
total 12
drwxr-xr-x  2 runner runner 4096 Sep  3 17:12 .
drwxr-xr-x 12 runner runner 4096 Sep  3 17:12 ..
-rw-r--r--  1 runner runner   24 Sep  3 17:12 index.md
[0m
[0m$ [0mls -la /home/runner/work/hornbach-hunt/hornbach-hunt/leads/
total 16
drwxr-xr-x  2 runner runner 4096 Sep  3 17:12 .
drwxr-xr-x 12 runner runner 4096 Sep  3 17:12 ..
-rw-r--r--  1 runner runner   18 Sep  3 17:12 lead-mimo.md
-rw-r--r--  1 runner runner  107 Sep  3 17:12 reposcan-hornbach.md
[0m
[0m$ [0mls -la /home/runner/work/hornbach-hunt/hornbach-hunt/recon-notes/
total 12
drwxr-xr-x  2 runner runner 4096 Sep  3 17:12 .
drwxr-xr-x 12 runner runner 4096 Sep  3 17:12 ..
-rw-r--r--  1 runner runner  819 Sep  3 17:12 DEDICATED-DEEP.md
[0m
[0m→ [0mRead knowledge/index.md
[0m→ [0mRead leads/lead-mimo.md
[0m→ [0mRead leads/reposcan-hornbach.md
[0m→ [0mRead recon-notes/DEDICATED-DEEP.md
[0m→ [0mRead probe-results.md
[0m→ [0mRead ctx.txt
[0m
[0m$ [0mls -la /home/runner/work/hornbach-hunt/hornbach-hunt/scripts/
total 28
drwxr-xr-x  2 runner runner  4096 Sep  3 17:12 .
drwxr-xr-x 12 runner runner  4096 Sep  3 17:12 ..
-rw-r--r--  1 runner runner 16987 Sep  3 17:12 sync-issues.py
[0m
Now I have a complete picture. Let me execute the 8-step analysis.

---

## STEP 1 — DELTA

**NO_DELTA** — Inventory unchanged since 2026-09-02 seed. No new hosts, endpoints, or tech signals discovered. Dedicated deep scan confirmed wildcard-dominated zone (0 genuinely dedicated hosts). Reposcan: no GitHub org configured. Knowledge base and leads remain empty seeds.

---

## STEP 2 — PRIORITIZE

| Asset | attack_surface | business_value | tech_exposure | gate_ease | cloud_surface | freshness | **priority** |
|-------|---------------|----------------|---------------|-----------|---------------|-----------|--------------|
| `auth.hornbach.com` (→ `hornbach-prod.cidaas.eu`) | 8 | 9 | 7 (cidaas CIAM, OAuth/OIDC) | 10 (public auth) | 6 (cidaas EU) | 5 | **7.55** |
| `login.hornbach.com` (→ Fastly → `www.hornbach.de/customer`) | 6 | 8 | 5 (Varnish/Fastly edge) | 10 (public login) | 5 (Fastly) | 5 | **6.55** |
| `hornbach.com` / `www.hornbach.com` | 4 | 7 | 3 (redirect only) | 10 | 4 | 5 | **5.35** |

[PRIO] auth.hornbach.com,7.55,attack_surface=8,business_value=9,tech_exposure=7,gate_ease=10,cloud_surface=6,freshness=5
[PRIO] login.hornbach.com,6.55,attack_surface=6,business_value=8,tech_exposure=5,gate_ease=10,cloud_surface=5,freshness=5
[PRIO] hornbach.com,5.35,attack_surface=4,business_value=7,tech_exposure=3,gate_ease=10,cloud_surface=4,freshness=5

---

## STEP 3 — HYPOTHESES

[HYP] cidaas OAuth redirect_uri validation bypass
class: AUTH
asset: auth.hornbach.com (→ hornbach-prod.cidaas.eu)
confidence: 65
reasoning: auth.hornbach.com CNAMEs to hornbach-prod.cidaas.eu (cidaas CIAM). cidaas implements OAuth/OIDC. Common misconfiguration: loose redirect_uri validation allowing subdomain/path traversal or wildcard matching. Redirect goes to hornbach.de (different TLD), increasing risk of cross-domain OAuth code theft.
evidence_needed: OAuth authorize endpoint accepts redirect_uri with path traversal (../), subdomain variation (auth.hornbach.com.evil.com), or wildcard (*.hornbach.com) and returns authorization code to attacker-controlled URI.
verify_steps: GET https://auth.hornbach.com/oauth2/authorize?response_type=code&client_id=<public_client_id>&redirect_uri=https://evil.com&scope=openid — observe if redirect_uri accepted (302 to evil.com with code) or rejected (error). Test variations: https://hornbach.de.evil.com, https://auth.hornbach.com.attacker.com, https://hornbach.com/@evil.com
impact: Attacker steals OAuth authorization code → exchanges for access/refresh tokens → full account takeover (AUTH class, HIGH severity)
testability: PASSIVE

[HYP] Fastly CNAME takeover on login.hornbach.com
class: MISCONFIG
asset: login.hornbach.com (→ n.sni.global.fastly.net)
confidence: 45
reasoning: login.hornbach.com CNAMEs to n.sni.global.fastly.net (Fastly shared SNI). If Fastly service was deprovisioned but DNS remains, attacker could claim the Fastly service and serve content on login.hornbach.com. DNS resolves to 199.232.105.91 (Fastly IP). Inventory flags this as "Takeover-review flag".
evidence_needed: HTTP response from login.hornbach.com shows Fastly "Fastly error: unknown domain" or generic Fastly 404 page indicating unclaimed service, OR successful claim via Fastly API with same CNAME target.
verify_steps: GET https://login.hornbach.com/ — check response body for "Fastly error: unknown domain", "The request could not be satisfied", or generic Fastly 404. HEAD request to verify Server header remains Varnish/Fastly. Check if custom domain validation on Fastly allows claiming n.sni.global.fastly.net CNAME.
impact: Full control of login.hornbach.com subdomain → phishing, credential harvesting, session hijacking via cookie overflow (MISCONFIG class, CRITICAL if confirmed)
testability: PASSIVE

[HYP] Cross-domain session fixation via hornbach.de redirect chain
class: AUTH
asset: login.hornbach.com → www.hornbach.de/customer
confidence: 55
reasoning: login.hornbach.com (Fastly/Varnish) 302 redirects to www.hornbach.de/customer. Different TLD (.com → .de) with shared session cookies possible if cookie domain set to .hornbach.de or lax SameSite. Attacker could fixate session on .com, victim logs in on .de, attacker inherits session.
evidence_needed: Set-Cookie on login.hornbach.com or intermediate redirect has Domain=.hornbach.de (or .hornbach.com) with SameSite=None/Lax, allowing cross-TLD session sharing. Or session ID accepted across both domains without re-validation.
verify_steps: GET https://login.hornbach.com/ — capture Set-Cookie headers. Follow redirect chain to www.hornbach.de/customer — capture Set-Cookie headers. Check Domain attribute, SameSite, Secure flags. Test if session cookie from .com works on .de without re-auth.
impact: Session fixation → account takeover via cross-TLD cookie sharing (AUTH class, HIGH severity)
testability: PASSIVE

---

## STEP 4 — SELF-CRITIQUE

[PARKED] Fastly CNAME takeover on login.hornbach.com: confidence 45 < 50 threshold. Fastly shared SNI (n.sni.global.fastly.net) typically requires custom domain validation; takeover unlikely without Fastly account access. DNS resolves to active Fastly IP (199.232.105.91) — service likely claimed. Passive check only shows Varnish header, not Fastly error page.

[FINAL] 1. cidaas OAuth redirect_uri validation bypass (confidence 65, PASSIVE, HIGH)
[FINAL] 2. Cross-domain session fixation via hornbach.de redirect chain (confidence 55, PASSIVE, HIGH)

---

## STEP 5 — NEXT ACTION

[NEXT] PROBE: GET https://auth.hornbach.com/oauth2/authorize?response_type=code&client_id=public&redirect_uri=https://example.com&scope=openid — observe redirect_uri validation behavior (accept/reject/error) and Location header. Use HEAD first to minimize impact.

---

## STEP 6 — LEARNING

[LEARN] REJECTED MISCONFIG @ login.hornbach.com: Fastly shared SNI CNAME takeover unlikely without Fastly account access; active service confirmed via Varnish header and resolving IP.

---

## STEP 7 — RISK

[RISK] hornbach: 70 — High-value auth surface (cidaas CIAM + cross-TLD redirect chain) with OAuth redirect_uri and session fixation attack vectors. No dedicated API surface discovered yet; wildcard-dominated zone limits subdomain enumeration. Priority on auth/logic flaws over infrastructure.
===== ANALYST nemotron3 2026-09-03 20:03:14 UTC =====
[0m
> build · nemotron-3-ultra-free
[0m
[0m$ [0mls -la /home/runner/work/hornbach-hunt/hornbach-hunt/
total 116
drwxr-xr-x 12 runner runner  4096 Sep  3 19:56 .
drwxr-xr-x  3 runner runner  4096 Sep  3 19:56 ..
drwxr-xr-x  7 runner runner  4096 Sep  3 19:56 .git
drwxr-xr-x  3 runner runner  4096 Sep  3 19:56 .github
-rw-r--r--  1 runner runner  1901 Sep  3 19:56 README.md
-rw-r--r--  1 runner runner    43 Sep  3 19:56 analyst-out.txt
-rw-r--r--  1 runner runner 13630 Sep  3 19:56 analyst-prompt.txt
-rw-r--r--  1 runner runner  9702 Sep  3 19:56 ctx.txt
drwxr-xr-x  2 runner runner  4096 Sep  3 19:56 inventory
drwxr-xr-x  2 runner runner  4096 Sep  3 19:56 knowledge
drwxr-xr-x  2 runner runner  4096 Sep  3 19:56 leads
-rw-r--r--  1 runner runner   687 Sep  3 19:56 probe-results.md
drwxr-xr-x  2 runner runner  4096 Sep  3 19:56 recon-notes
drwxr-xr-x  2 runner runner  4096 Sep  3 19:56 reports
drwxr-xr-x  2 runner runner  4096 Sep  3 19:56 reposcan-raw
-rw-r--r--  1 runner runner  3341 Sep  3 19:56 scope.yml
drwxr-xr-x  2 runner runner  4096 Sep  3 19:56 scripts
-rw-r--r--  1 runner runner    37 Sep  3 19:56 state_bigpickle.json
-rw-r--r--  1 runner runner    37 Sep  3 19:56 state_laguna.json
-rw-r--r--  1 runner runner    37 Sep  3 19:56 state_ling3.json
-rw-r--r--  1 runner runner    37 Sep  3 19:56 state_longcat.json
-rw-r--r--  1 runner runner    33 Sep  3 19:56 state_mimo.json
-rw-r--r--  1 runner runner    37 Sep  3 19:56 state_nemotron3.json
drwxr-xr-x  2 runner runner  4096 Sep  3 19:56 triage
[0m
[0m→ [0mRead inventory/hornbach.md
[0m✗ [0mRead knowledge/seed.md failed
[91m[1mError: [0mFile not found: /home/runner/work/hornbach-hunt/hornbach-hunt/knowledge/seed.md
[0m✗ [0mRead leads/nemotron3_latest.md failed
[91m[1mError: [0mFile not found: /home/runner/work/hornbach-hunt/hornbach-hunt/leads/nemotron3_latest.md
[0m✱ [0mGlob "leads/*"[90m 7 matches[0m
[0m✱ [0mGlob "knowledge/*"[90m 1 match[0m
[0m→ [0mRead knowledge/index.md
[0m→ [0mRead leads/lead-nemotron3.md
[0m→ [0mRead probe-results.md
[0m→ [0mRead scope.yml
**STEP 1 — DELTA**
[NEW] auth.hornbach.com: OAuth authorize endpoint returns HTTP 404 (not 302) for test client_ids — suggests endpoint path may differ or requires valid registered client_id
[NEW] auth.hornbach.com: Root path (/) now returns HTTP 200 len=3038 (was 302 in inventory) — likely serves cidaas login UI directly
[NEW] login.hornbach.com: Root path (/) returns HTTP 200 len=3038 (was 302 in inventory) — serves content directly, not redirecting to hornbach.de
[CHANGED] Both auth.hornbach.com and login.hornbach.com return identical content length (3038) — possible shared error page or same backend response

**STEP 2 — PRIORITIZE**
[PRIO] auth.hornbach.com,7.30,attack_surface=8,business_value=9,tech_exposure=7,gate_ease=10,cloud_surface=6,freshness=4
[PRIO] login.hornbach.com,5.80,attack_surface=5,business_value=7,tech_exposure=4,gate_ease=10,cloud_surface=5,freshness=4
[PRIO] hornbach.com,5.10,attack_surface=4,business_value=7,tech_exposure=3,gate_ease=10,cloud_surface=4,freshness=4

**STEP 3 — HYPOTHESES**
[HYP] cidaas OAuth client_id enumeration via authorize endpoint
class: AUTH
asset: auth.hornbach.com/oauth2/authorize
confidence: 50
reasoning: Probe returned 404 for guessed client_ids ("public", "<public_client_id>"). cidaas uses numeric or UUID client_ids. Valid client_id would return login/consent page (200/302). Enumerating valid client_ids exposes OAuth clients for targeted redirect_uri/state attacks.
evidence_needed: Valid client_id returns HTTP 200 (login page) or 302 (redirect to consent) instead of 404. Brute-force or JS analysis of login page reveals registered client_ids.
verify_steps: GET https://auth.hornbach.com/ — parse HTML/JS for client_id references. GET https://auth.hornbach.com/oauth2/authorize?response_type=code&client_id=<candidate>&redirect_uri=https://hornbach.de/callback&scope=openid — test candidate client_ids from JS/config.
impact: Valid client_id enables OAuth flow testing for redirect_uri bypass, PKCE downgrade, state fixation (AUTH class, MEDIUM-HIGH)
testability: PASSIVE

[HYP] Cross-domain session fixation via shared error page cookies
class: AUTH
asset: login.hornbach.com / auth.hornbach.com (both return 200 len=3038)
confidence: 45
reasoning: Both subdomains return identical 3038-byte response (likely shared error/maintenance page). If Set-Cookie headers on this response have Domain=.hornbach.com or .hornbach.de with SameSite=Lax/None, attacker could fixate session via this page before victim authenticates on hornbach.de.
evidence_needed: Set-Cookie headers on 200 response from either host contain Domain attribute spanning .hornbach.com/.hornbach.de with permissive SameSite. Session ID from .com accepted on .de without re-auth.
verify_steps: GET https://login.hornbach.com/ -v — capture Set-Cookie headers. GET https://auth.hornbach.com/ -v — capture Set-Cookie headers. Check Domain, SameSite, Secure flags. Test cookie replay on www.hornbach.de.
impact: Session fixation → account takeover via cross-TLD cookie sharing (AUTH class, HIGH if confirmed)
testability: PASSIVE

[HYP] hornbach.com path traversal via @evil.com pattern returns 200
class: OTHER
asset: hornbach.com
confidence: 35
reasoning: Probe `https://hornbach.com/@evil.com` returned HTTP 200 len=3038. The @ syntax in path may indicate routing quirk (userinfo@host interpretation) or path normalization issue. Could allow open redirect or bypass path-based authz if backend parses @ as delimiter.
evidence_needed: Response differs from root path (diff content). Location header or meta redirect to attacker-controlled destination. Backend logs show @evil.com parsed as userinfo or separate parameter.
verify_steps: GET https://hornbach.com/@evil.com -v — compare response body/headers to root. Test variations: /@google.com, /@hornbach.de, /%40evil.com. Check for redirect headers or JS-based navigation.
impact: Potential open redirect or authz bypass if @ path reaches sensitive endpoints (OTHER class, LOW-MEDIUM)
testability: PASSIVE

**STEP 4 — SELF-CRITIQUE**
[PARKED] Cross-domain session fixation via shared error page cookies: confidence 45 < 50 threshold; identical content length suggests generic error page unlikely to set auth cookies; no evidence of session cookies on unauthenticated error responses.
[PARKED] hornbach.com path traversal via @evil.com pattern: confidence 35 < 40 threshold; @ in path is valid URL userinfo syntax but browsers strip it before request; server seeing @evil.com in path suggests logging/routing artifact not exploitable redirect.
[FINAL] 1. cidaas OAuth client_id enumeration via authorize endpoint (confidence 50, PASSIVE, MEDIUM-HIGH)

**STEP 5 — NEXT ACTION**
[NEXT] PROBE: GET https://auth.hornbach.com/ -v — parse HTML/JS for cidaas client_id, OAuth config, or API endpoints; then test discovered client_id against /oauth2/authorize with redirect_uri=https://hornbach.de/callback

**STEP 6 — LEARNING**
[LEARN] REJECTED class MISCONFIG @ login.hornbach.com: Fastly CNAME takeover confirmed unlikely — active service (Varnish header, 200 response, resolving IP) eliminates takeover vector.
[LEARN] ACCEPTED class AUTH @ auth.hornbach.com: cidaas OAuth surface confirmed live; client_id enumeration is prerequisite for redirect_uri/state flaw testing.
[LEARN] REJECTED class WILDCARD_DOM: reconfirmed — wildcard DNS dominates zone; no new subdomains via passive enumeration.

**STEP 7 — RISK**
[RISK] hornbach: 65 — Auth surface (cidaas) remains high-value but OAuth authorize endpoint requires valid client_id (404 on guesses). Cross-TLD session fixation less likely (identical error-page responses). No dedicated API surface discovered. Priority: enumerate cidaas client_id via login page JS, then test OAuth flows.
